KILLED: scripts root is the package directory: FAILED (failures=4, errors=9)
KILLED: harness coherence reads the flat alias: FAILED (failures=1)
KILLED: harness coherence drops server.py: FAILED (failures=1)
KILLED: purge skips the package keys: FAILED (failures=1, errors=2)
KILLED: purge evicts server_impl too: FAILED (failures=1, errors=3)
KILLED: purge keys only the flat spelling: FAILED (failures=2, errors=2)
KILLED: no eager alias registration: FAILED (failures=1)
KILLED: eager registration unguarded: FAILED (failures=1)
KILLED: registry imported with the stale from-form: FAILED (failures=2)
KILLED: version read beside the package: FAILED (failures=2)
KILLED: default template read beside the package: FAILED (failures=2)
KILLED: chunker version read beside the package: FAILED (failures=2)
KILLED: upgrade sentinel inserts the package directory: FAILED (failures=2)
KILLED: sync surfaces reads its renderer beside the package: FAILED (failures=2)
KILLED: setup identity misses the implementation: FAILED (failures=1)
KILLED: package name not reserved for extensions: FAILED (failures=2)
KILLED: helper enumerates aliases as sources: FAILED (failures=2)
KILLED: helper resolves moved modules to the flat alias: FAILED (failures=1)
KILLED: loader returns the hollow module: FAILED (failures=2)
KILLED: dashboard start resolves beside the package: FAILED (failures=1)
KILLED: gardener resolves beside the package: FAILED (failures=1)
KILLED: index build spawn resolves beside the package: FAILED (failures=1)
KILLED: lock-owner indexer path beside the package: FAILED (failures=1)
KILLED: upgrade script beside the package: FAILED (failures=1)
KILLED: restored full flat copy accepted: FAILED (failures=1)
KILLED: handler name not reserved for extensions: FAILED (failures=1)
KILLED: census bypass: renderer pin reads the flat alias: FAILED (failures=1)
KILLED: hollow loader regression: FAILED (failures=1)
