Bytecode cache warm (1.9s).
SECOND-PROFILE run (second): not delivery evidence; this tree's framework test receipt is never written.
Expected profile: the shipped defaults, then 'second' from WAVEFOUNDRY_TEST_PROFILE.
Copied 3875 files into a temporary git repository; applied profile 'second'; waves root docs/delivery/sets (README docs/delivery/sets/README.md).
FOCUSED diagnostic run (178 of 178 test files) — not delivery evidence; the full-suite cache is untouched.
Running 178 test files across 6 workers …
  [1/178] test_ann_reference_eval.py — 28 tests ok (0.6s)
  [2/178] test_build_epoch_recovery.py — 10 tests ok (0.8s)
  [3/178] test_archive_memory_backfill.py — 9 tests ok (1.2s)
  [4/178] test_change_doc_checklist.py — 54 tests ok (0.3s)
  [5/178] test_agent_surface_integrity.py — 6 tests ok (1.6s)
  [6/178] test_accel_embedder.py — 86 tests ok (2.8s)
  [7/178] test_check_version.py — 18 tests ok (0.1s)
  [8/178] test_change_id_path_guard.py — 49 tests ok (3.1s)
  [9/178] test_archive_root.py — 21 tests ok (4.7s)
  [10/178] test_cli_stdio.py — 11 tests ok (0.1s)
  [11/178] test_close_change.py — 40 tests ok (1.5s)
  [12/178] test_code_reader_lock_guard.py — 24 tests ok (4.2s)
  [13/178] test_chunk_tags.py — 20 tests ok (10.0s)
  [14/178] test_contained_files.py — 42 tests ok (0.4s)
  [15/178] test_change_kinds.py — 28 tests ok (13.2s)
  [16/178] test_build_pack.py — 119 tests ok (14.3s)
  [17/178] test_commit_provenance.py — 25 tests ok (4.8s)
  [18/178] test_council_signoff_keys.py — 30 tests ok (2.6s)
  [19/178] test_context_efficiency.py — 86 tests ok (2.8s)
  [20/178] test_contained_repo_access.py — 29 tests ok (4.5s)
  [21/178] test_declaration_support.py — 9 tests ok (1.4s)
  [22/178] test_dashboard_terminology.py — 11 tests ok (1.5s)
  [23/178] test_design_system_backfill.py — 10 tests ok (0.1s)
  [24/178] test_design_system_governance_validators.py — 44 tests ok (0.2s)
  [25/178] test_design_system_surface_validators.py — 39 tests ok (0.3s)
  [26/178] test_design_system_validators.py — 45 tests ok (0.6s)
  [27/178] test_design_token_build.py — 12 tests ok (0.5s)
  [28/178] test_declared_extension_skills.py — 58 tests ok (3.2s)
  [29/178] test_declared_wave_fixtures.py — 13 tests ok (2.5s)
  [30/178] test_bytecode_cache.py — 58 tests ok (21.0s)
  [31/178] test_docs_gardener.py — 24 tests ok (0.6s)
  [32/178] test_docs_constants_lint.py — 32 tests ok (4.4s)
  [33/178] test_events_only_residue_census.py — 25 tests ok (1.1s)
  [34/178] test_extension_public_helpers.py — 13 tests ok (2.5s)
  [35/178] test_distribution_seams.py — 41 tests ok (8.8s)
  [36/178] test_fixture_fidelity_guidance.py — 3 tests ok (0.4s)
  [37/178] test_chunker.py — 579 tests ok (27.6s)
  [38/178] test_fts_lexical_layer.py — 58 tests ok (5.6s)
  [39/178] test_fts_query_honesty.py — 42 tests ok (7.4s)
  [40/178] test_graph_call_census.py — 12 tests ok (0.2s)
  [41/178] test_gen_codebase_map.py — 69 tests ok (5.6s)
  [42/178] test_graph_cluster.py — 83 tests ok (0.9s)
  [43/178] test_graph_call_integrity.py — 50 tests ok (4.6s)
  [44/178] test_doc_drift.py — 103 tests ok (33.5s)
  [45/178] test_dashboard_server.py — 228 tests ok (41.4s)
  [46/178] test_graph_quality_eval.py — 102 tests ok (3.4s)
  [47/178] test_graph_rust_provenance.py — 9 tests ok (2.2s)
  [48/178] test_graph_query.py — 98 tests ok (6.2s)
  [49/178] test_graph_incremental_merge.py — 58 tests ok (21.3s)
  [50/178] test_graph_transactional_state.py — 11 tests ok (2.3s)
  [51/178] test_historical_fixture_support.py — 8 tests ok (0.1s)
  [52/178] test_history_paths.py — 26 tests ok (0.7s)
  [53/178] test_index_build_lock_process_hold.py — 12 tests ok (3.2s)
  [54/178] test_graph_snapshot_readers.py — 51 tests ok (14.6s)
  [55/178] test_index_build_retry.py — 9 tests ok (10.3s)
  [56/178] test_index_handler_identity.py — 1 tests ok (0.1s)
  [57/178] test_index_compatibility.py — 17 tests ok (5.0s)
  [58/178] test_index_source_guard.py — 9 tests ok (2.8s)
  [59/178] test_index_optimize_contract.py — 5 tests ok (3.7s)
  [60/178] test_index_upgrade_guard.py — 25 tests ok (0.5s)
  [61/178] test_handler_modules.py — 13 tests ok (27.9s)
  [62/178] test_index_state_store.py — 100 tests ok (10.7s)
  [63/178] test_install_log_lib.py — 56 tests ok (0.5s)
  [64/178] test_extension_tool_modules.py — 223 tests ok (65.7s)
  [65/178] test_indexer_secrets_scope.py — 9 tests ok (3.8s)
  [66/178] test_label_reader_census.py — 5 tests ok (0.2s)
  [67/178] test_lexical_ranking_eval.py — 19 tests ok (1.0s)
  [68/178] test_lifecycle_document_names.py — 8 tests ok (0.4s)
  [69/178] test_install_resume_integration.py — 2 tests ok (3.7s)
  [70/178] test_legacy_council_actors.py — 4 tests ok (3.8s)
  [71/178] test_lifecycle_golden.py — 5 tests ok (8.2s)
  [72/178] test_lifecycle_id.py — 82 tests ok (0.9s)
  [73/178] test_lifecycle_lock_links.py — 45 tests ok (2.3s)
  [74/178] test_graph_indexer.py — 549 tests ok (75.1s)
  [75/178] test_marker_namespaces.py — 8 tests ok (1.1s)
  [76/178] test_lifecycle_gates_structure.py — 15 tests ok (23.4s)
  [77/178] test_lifecycle_mutation_lock.py — 69 tests ok (11.5s)
  [78/178] test_mcp_tool_registry.py — 27 tests ok (4.8s)
  [79/178] test_memory_eval.py — 25 tests ok (4.3s)
  [80/178] test_model_bundle.py — 25 tests ok (1.1s)
  [81/178] test_memory_backfill.py — 47 tests ok (7.2s)
  [82/178] test_navigation_glob.py — 5 tests ok (1.7s)
  [83/178] test_onnxruntime_telemetry.py — 24 tests ok (3.0s)
  [84/178] test_operator_identity.py — 9 tests ok (0.2s)
  [85/178] test_navigation_walker_runtime.py — 10 tests ok (5.6s)
  [86/178] test_pathlib_predicate_guards.py — 36 tests ok (1.1s)
  [87/178] test_memory_records.py — 230 tests ok (10.2s)
  [88/178] test_perf_budget_policy.py — 5 tests ok (0.1s)
  [89/178] test_per_area_agents_context.py — 9 tests ok (2.2s)
  [90/178] test_path_containment.py — 23 tests ok (5.2s)
  [91/178] test_process_info.py — 11 tests ok (0.5s)
  [92/178] test_lifecycle_gates.py — 27 tests ok (43.1s)
  [93/178] test_profile_literal_census.py — 8 tests ok (4.3s)
  [94/178] test_prune_framework.py — 17 tests ok (0.1s)
  [95/178] test_python_diagnostic_windows.py — 1 tests ok (0.1s)
  [96/178] test_python_parse_diagnostics.py — 8 tests ok (3.7s)
  [97/178] test_process_info_callers.py — 16 tests ok (8.8s)
  [98/178] test_readiness_convergence.py — 10 tests ok (1.9s)
  [99/178] test_reconcile_scan.py — 67 tests ok (2.2s)
  [100/178] test_phase_gates.py — 32 tests ok (14.6s)
  [101/178] test_record_discovery_fail_closed.py — 81 tests ok (3.3s)
  [102/178] test_record_layout_census.py — 5 tests ok (0.2s)
  [103/178] test_record_document_read_rule.py — 12 tests ok (2.7s)
  [104/178] test_record_layout_cold_sites.py — 4 tests ok (0.5s)
  [105/178] test_record_paths.py — 45 tests ok (0.2s)
  [106/178] test_profile_support.py — 76 tests FAIL (13.5s)
  [107/178] test_record_layout_lifecycle.py — 29 tests ok (4.2s)
  [108/178] test_repair_ppol_memory_staging.py — 17 tests ok (0.3s)
  [109/178] test_retired_change_kinds.py — 18 tests ok (2.2s)
  [110/178] test_record_layout_nested.py — 18 tests ok (11.7s)
  [111/178] test_retrieval_candidate_generation.py — 38 tests ok (7.5s)
  [112/178] test_render_agent_surfaces.py — 162 tests ok (14.0s)
  [113/178] test_review_evidence.py — 189 tests ok (1.4s)
  [114/178] test_retrieval_eval.py — 161 tests ok (4.3s)
  [115/178] test_run_tests_cache.py — 97 tests ok (0.9s)
  [116/178] test_run_tests_lock.py — 15 tests ok (1.3s)
  [117/178] test_review_policy.py — 107 tests ok (4.2s)
  [118/178] test_runtime_advisory.py — 6 tests ok (0.8s)
  [119/178] test_review_operator_integration.py — 15 tests ok (6.5s)
  [120/178] test_scan_secrets.py — 22 tests ok (0.4s)
  [121/178] test_scanner_skips.py — 12 tests ok (0.2s)
  [122/178] test_runtime_lock.py — 40 tests ok (1.5s)
  [123/178] test_run_tests_repo_guard.py — 30 tests ok (4.3s)
  [124/178] test_secrets_lock_exclusion.py — 9 tests ok (1.2s)
  [125/178] test_secret_scan_cache.py — 24 tests ok (3.9s)
  [126/178] test_sensor_runner.py — 5 tests ok (0.6s)
  [127/178] test_secrets_validators.py — 157 tests ok (7.6s)
  [128/178] test_server_context_efficiency.py — 106 tests ok (6.4s)
  [129/178] test_render_platform_surfaces.py — 131 tests ok (32.3s)
  [130/178] test_server_startup_guards.py — 6 tests ok (0.6s)
  [131/178] test_server_stdout_isolation.py — 3 tests ok (0.4s)
  [132/178] test_server_env_file.py — 7 tests ok (5.8s)
  [133/178] test_server_package.py — 31 tests ok (23.0s)
  [134/178] test_server_tools_retrieval.py — 1047 tests ok (139.4s)
  [135/178] test_indexer.py — 398 tests ok (265.2s)
  [136/178] test_session_start_hook.py — 18 tests ok (5.0s)
  [137/178] test_setup_readiness.py — 49 tests ok (11.7s)
  [138/178] test_setup_readiness_integration.py — 20 tests ok (3.6s)
  [139/178] test_setup_reconciliation.py — 47 tests ok (17.8s)
  [140/178] test_setup_stamp_writers.py — 9 tests ok (3.5s)
  [141/178] test_docs_lint.py — 1216 tests ok (376.1s)
  [142/178] test_shipped_reference_docs.py — 26 tests ok (0.8s)
  [143/178] test_sqlite_event_eval.py — 3 tests ok (0.2s)
  [144/178] test_sqlite_publication.py — 14 tests ok (1.5s)
  [145/178] test_sqlite_publication_optimization.py — 4 tests ok (0.9s)
  [146/178] test_setup_wavefoundry.py — 50 tests ok (16.9s)
  [147/178] test_sqlite_serving.py — 37 tests ok (6.4s)
  [148/178] test_setup_index.py — 200 tests ok (60.2s)
  [149/178] test_storage_identity.py — 3 tests ok (0.1s)
  [150/178] test_server_tools.py — 387 tests ok (225.8s)
  [151/178] test_server_tools_lifecycle.py — 619 tests ok (229.8s)
  [152/178] test_subprocess_util.py — 28 tests ok (6.3s)
  [153/178] test_startup_install.py — 61 tests ok (17.5s)
  [154/178] test_techdocs_audit_lib.py — 86 tests ok (24.2s)
  [155/178] test_tree_sitter_cache.py — 9 tests ok (0.1s)
  [156/178] test_secrets_prefix_collapse.py — 17 tests ok (280.2s)
  [157/178] test_tool_surface_golden.py — 25 tests ok (35.8s)
  [158/178] test_upgrade_reload_runner.py — 8 tests ok (3.9s)
  [159/178] test_vector_backend_eval.py — 7 tests ok (0.3s)
  [160/178] test_vector_public_compare.py — 7 tests ok (0.2s)
  [161/178] test_vector_public_eval.py — 2 tests ok (0.1s)
  [162/178] test_vector_public_filter_smoke.py — 2 tests ok (0.1s)
  [163/178] test_upgrade_protocol.py — 37 tests ok (16.9s)
  [164/178] test_tree_kill_routing.py — 33 tests ok (33.4s)
  [165/178] test_verify_vendored_scripts.py — 65 tests ok (0.6s)
  [166/178] test_vendored_integrity.py — 18 tests ok (2.0s)
  [167/178] test_venv_bootstrap.py — 43 tests ok (3.5s)
  [168/178] test_vocabulary_profile.py — 32 tests ok (2.0s)
  [169/178] test_vocabulary_census.py — 5 tests ok (2.7s)
  [170/178] test_vocabulary_writers.py — 8 tests ok (5.2s)
  [171/178] test_wave_gate.py — 14 tests ok (0.1s)
  [172/178] test_vocabulary_second_profile.py — 11 tests ok (10.8s)
  [173/178] test_workflow_include_prefixes.py — 18 tests ok (1.0s)
  [174/178] test_wf_cli.py — 54 tests ok (6.8s)
  [175/178] test_storage_upgrade_resume.py — 14 tests ok (95.9s)
  [176/178] test_vocabulary_prompt_names.py — 31 tests ok (52.6s)
  [177/178] test_sqlite_storage_migration.py — 124 tests ok (113.6s)
  [178/178] test_upgrade_wavefoundry.py — 727 tests ok (190.2s)

======================================================================
FAILED: test_profile_support.py
======================================================================
test_a_declaration_assignment_must_match_exactly_once (test_profile_support.ApplyProfileTests.test_a_declaration_assignment_must_match_exactly_once) ... ok
test_an_assignment_must_match_exactly_once (test_profile_support.ApplyProfileTests.test_an_assignment_must_match_exactly_once) ... ok
test_an_invalid_declaration_is_refused (test_profile_support.ApplyProfileTests.test_an_invalid_declaration_is_refused) ... ok
test_an_invalid_journal_declaration_is_refused (test_profile_support.ApplyProfileTests.test_an_invalid_journal_declaration_is_refused) ... ok
test_applies_every_constant_and_returns_the_loaded_values (test_profile_support.ApplyProfileTests.test_applies_every_constant_and_returns_the_loaded_values) ... ok
test_crlf_modules_keep_their_line_endings (test_profile_support.ApplyProfileTests.test_crlf_modules_keep_their_line_endings) ... ok
test_module_files_are_refused_unless_declared_and_present (test_profile_support.ApplyProfileTests.test_module_files_are_refused_unless_declared_and_present) ... ok
test_module_files_follow_the_profiles_directory (test_profile_support.ApplyProfileTests.test_module_files_follow_the_profiles_directory) ... ok
test_modules_limits_the_edit (test_profile_support.ApplyProfileTests.test_modules_limits_the_edit) ... ok
test_never_edits_the_canonical_tree (test_profile_support.ApplyProfileTests.test_never_edits_the_canonical_tree) ... ok
test_profile_names_are_validated (test_profile_support.ApplyProfileTests.test_profile_names_are_validated) ... ok
test_the_declared_asset_applies_its_aliases_module_hidden_replacement_and_skill (test_profile_support.ApplyProfileTests.test_the_declared_asset_applies_its_aliases_module_hidden_replacement_and_skill) ... ok
test_the_edited_modules_must_import (test_profile_support.ApplyProfileTests.test_the_edited_modules_must_import) ... ok
test_the_layout_is_validated_against_a_repository (test_profile_support.ApplyProfileTests.test_the_layout_is_validated_against_a_repository) ... ok
test_tuple_declarations_stay_tuples (test_profile_support.ApplyProfileTests.test_tuple_declarations_stay_tuples) ... ok
test_unknown_constants_and_modules_are_refused (test_profile_support.ApplyProfileTests.test_unknown_constants_and_modules_are_refused) ... ok
test_unknown_declaration_constants_are_refused (test_profile_support.ApplyProfileTests.test_unknown_declaration_constants_are_refused) ... ok
test_builders_lint_clean_under_both_profiles (test_profile_support.BuilderLintTests.test_builders_lint_clean_under_both_profiles) ... ok
test_default_profile_records_follow_the_shipped_names (test_profile_support.BuilderLintTests.test_default_profile_records_follow_the_shipped_names) ... ok
test_localized_fixture_lints_clean_and_the_raw_one_does_not_under_the_second_profile (test_profile_support.BuilderLintTests.test_localized_fixture_lints_clean_and_the_raw_one_does_not_under_the_second_profile) ... ok
test_second_profile_archive_is_in_the_default_vocabulary (test_profile_support.BuilderLintTests.test_second_profile_archive_is_in_the_default_vocabulary) ... ok
test_second_profile_records_follow_the_profile (test_profile_support.BuilderLintTests.test_second_profile_records_follow_the_profile) ... ok
test_a_declaration_leaves_the_marker_and_the_match_alone (test_profile_support.DefaultProfileOnlyMarkerTests.test_a_declaration_leaves_the_marker_and_the_match_alone) ... ok
test_class_marker_skips_set_up_class_too (test_profile_support.DefaultProfileOnlyMarkerTests.test_class_marker_skips_set_up_class_too) ... ok
test_declaration_snapshot_covers_every_declaration_constant (test_profile_support.DefaultProfileOnlyMarkerTests.test_declaration_snapshot_covers_every_declaration_constant) ... ok
test_declared_profile_match (test_profile_support.DefaultProfileOnlyMarkerTests.test_declared_profile_match) ... ok
test_edited_modules_on_disk_make_the_marker_skip (test_profile_support.DefaultProfileOnlyMarkerTests.test_edited_modules_on_disk_make_the_marker_skip) ... ok
test_loaded_constants_are_the_expected_profile (test_profile_support.DefaultProfileOnlyMarkerTests.test_loaded_constants_are_the_expected_profile) ... ok
test_marker_reads_every_loaded_copy_of_a_module (test_profile_support.DefaultProfileOnlyMarkerTests.test_marker_reads_every_loaded_copy_of_a_module) ... ok
test_method_marker_skips_before_set_up (test_profile_support.DefaultProfileOnlyMarkerTests.test_method_marker_skips_before_set_up) ... ok
test_method_runs_under_the_shipped_defaults (test_profile_support.DefaultProfileOnlyMarkerTests.test_method_runs_under_the_shipped_defaults) ... ok
test_method_skips_when_a_constant_differs (test_profile_support.DefaultProfileOnlyMarkerTests.test_method_skips_when_a_constant_differs) ... ok
test_reason_is_required_and_recorded (test_profile_support.DefaultProfileOnlyMarkerTests.test_reason_is_required_and_recorded) ... ok
test_repository_corpus_names_its_renamed_layout_skip (test_profile_support.DefaultProfileOnlyMarkerTests.test_repository_corpus_names_its_renamed_layout_skip) ... ok
test_repository_corpus_runs_under_declared_tools (test_profile_support.DefaultProfileOnlyMarkerTests.test_repository_corpus_runs_under_declared_tools) ... FAIL
test_snapshot_covers_every_editable_constant (test_profile_support.DefaultProfileOnlyMarkerTests.test_snapshot_covers_every_editable_constant) ... ok
test_tuple_constants_match_their_json_form (test_profile_support.DefaultProfileOnlyMarkerTests.test_tuple_constants_match_their_json_form) ... ok
test_a_run_mode_name_with_no_asset_fails (test_profile_support.ExpectedProfileScratchTreeTests.test_a_run_mode_name_with_no_asset_fails) ... ok
test_a_tree_with_the_declared_declaration_and_no_marker_fails (test_profile_support.ExpectedProfileScratchTreeTests.test_a_tree_with_the_declared_declaration_and_no_marker_fails) ... ok
test_a_tree_with_the_second_vocabulary_and_no_marker_fails (test_profile_support.ExpectedProfileScratchTreeTests.test_a_tree_with_the_second_vocabulary_and_no_marker_fails) ... ok
test_an_active_asset_must_match_the_tree (test_profile_support.ExpectedProfileScratchTreeTests.test_an_active_asset_must_match_the_tree) ... ok
test_an_active_asset_with_a_run_mode_is_the_layering (test_profile_support.ExpectedProfileScratchTreeTests.test_an_active_asset_with_a_run_mode_is_the_layering) ... ok
test_the_shipped_tree_and_each_run_mode_pass (test_profile_support.ExpectedProfileScratchTreeTests.test_the_shipped_tree_and_each_run_mode_pass) ... ok
test_two_active_assets_fail (test_profile_support.ExpectedProfileScratchTreeTests.test_two_active_assets_fail) ... ok
test_active_must_be_a_boolean (test_profile_support.ExpectedProfileTests.test_active_must_be_a_boolean) ... ok
test_framework_assets_are_never_marked_active (test_profile_support.ExpectedProfileTests.test_framework_assets_are_never_marked_active) ... ok
test_layers_and_sources (test_profile_support.ExpectedProfileTests.test_layers_and_sources) ... ok
test_the_copy_runner_environment_names_the_run_mode (test_profile_support.ExpectedProfileTests.test_the_copy_runner_environment_names_the_run_mode) ... ok
test_the_report_states_the_expected_profile_and_its_source (test_profile_support.ExpectedProfileTests.test_the_report_states_the_expected_profile_and_its_source) ... ok
test_the_variable_is_read_from_the_given_environment (test_profile_support.ExpectedProfileTests.test_the_variable_is_read_from_the_given_environment) ... ok
test_localize_record_text_rewrites_markers_labels_and_back_references (test_profile_support.LocalizationHelperTests.test_localize_record_text_rewrites_markers_labels_and_back_references) ... ok
test_localized_fixture_readme_follows_the_profile (test_profile_support.LocalizationHelperTests.test_localized_fixture_readme_follows_the_profile) ... ok
test_waves_dir_and_rel_follow_the_loaded_layout (test_profile_support.LocalizationHelperTests.test_waves_dir_and_rel_follow_the_loaded_layout) ... ok
test_waves_helpers_follow_the_patch_after_the_server_evicts_record_paths (test_profile_support.LocalizationHelperTests.test_waves_helpers_follow_the_patch_after_the_server_evicts_record_paths)
Change 1zltu: the leaking pair in one interpreter. Reloading the ... ok
test_help_documents_the_profile_run (test_profile_support.ProfileArgumentTests.test_help_documents_the_profile_run) ... ok
test_profile_is_exclusive_with_the_schedule_control_options (test_profile_support.ProfileArgumentTests.test_profile_is_exclusive_with_the_schedule_control_options) ... ok
test_profile_parses_with_file_selectors (test_profile_support.ProfileArgumentTests.test_profile_parses_with_file_selectors) ... ok
test_unknown_profile_exits_2 (test_profile_support.ProfileArgumentTests.test_unknown_profile_exits_2) ... ok
test_a_changed_receipt_fails_the_run (test_profile_support.ProfileRunTests.test_a_changed_receipt_fails_the_run) ... ok
test_a_symlinked_profile_module_outside_the_repository_is_left_unchanged (test_profile_support.ProfileRunTests.test_a_symlinked_profile_module_outside_the_repository_is_left_unchanged) ... ok
test_copies_applies_runs_reports_and_leaves_the_receipt (test_profile_support.ProfileRunTests.test_copies_applies_runs_reports_and_leaves_the_receipt) ... ok
test_file_selectors_are_validated_against_the_copy (test_profile_support.ProfileRunTests.test_file_selectors_are_validated_against_the_copy) ... ok
test_malformed_selectors_are_refused_before_copying (test_profile_support.ProfileRunTests.test_malformed_selectors_are_refused_before_copying) ... ok
test_report_parser (test_profile_support.ProfileRunTests.test_report_parser) ... ok
test_sigterm_ends_the_child_and_removes_the_tree (test_profile_support.ProfileRunTests.test_sigterm_ends_the_child_and_removes_the_tree) ... ok
test_the_copy_gets_no_git_variables (test_profile_support.ProfileRunTests.test_the_copy_gets_no_git_variables) ... ok
test_work_tree_is_removed_with_read_only_entries (test_profile_support.ProfileRunTests.test_work_tree_is_removed_with_read_only_entries) ... ok
test_a_module_in_a_directory_outside_the_copy_is_refused (test_profile_support.ProfileWritesStayInTheCopyTests.test_a_module_in_a_directory_outside_the_copy_is_refused) ... ok
test_a_readme_under_a_symlinked_directory_is_refused (test_profile_support.ProfileWritesStayInTheCopyTests.test_a_readme_under_a_symlinked_directory_is_refused) ... ok
test_a_sibling_that_shares_the_root_prefix_is_outside (test_profile_support.ProfileWritesStayInTheCopyTests.test_a_sibling_that_shares_the_root_prefix_is_outside) ... ok
test_a_symlinked_readme_is_replaced_not_followed (test_profile_support.ProfileWritesStayInTheCopyTests.test_a_symlinked_readme_is_replaced_not_followed) ... ok
test_symlinked_profile_modules_are_replaced_not_followed (test_profile_support.ProfileWritesStayInTheCopyTests.test_symlinked_profile_modules_are_replaced_not_followed) ... ok
test_the_copy_never_writes_through_a_directory_replaced_by_a_link (test_profile_support.ProfileWritesStayInTheCopyTests.test_the_copy_never_writes_through_a_directory_replaced_by_a_link) ... ok
test_a_receipt_writing_run_refuses_while_the_variable_is_set (test_profile_support.ReceiptRunRefusalTests.test_a_receipt_writing_run_refuses_while_the_variable_is_set) ... ok
test_only_receipt_writing_runs_consult_the_variable (test_profile_support.ReceiptRunRefusalTests.test_only_receipt_writing_runs_consult_the_variable) ... ok
test_the_refusal_comes_before_any_hashing (test_profile_support.ReceiptRunRefusalTests.test_the_refusal_comes_before_any_hashing) ... ok

======================================================================
FAIL: test_repository_corpus_runs_under_declared_tools (test_profile_support.DefaultProfileOnlyMarkerTests.test_repository_corpus_runs_under_declared_tools)
----------------------------------------------------------------------
Traceback (most recent call last):
  File "/private/var/folders/wm/m3y1rv2d3pg40zxwgw7byqb40000gp/T/wf-profile-run-v3i_83sm/repo/.wavefoundry/framework/scripts/tests/test_profile_support.py", line 287, in test_repository_corpus_runs_under_declared_tools
    self.assertEqual(result.failures, [])
    ~~~~~~~~~~~~~~~~^^^^^^^^^^^^^^^^^^^^^
AssertionError: Lists differ: [(<test_change_id_path_guard.IsChangeIdTes[659 chars]\n')] != []

First list contains 1 additional elements.
First extra element 0:
(<test_change_id_path_guard.IsChangeIdTests testMethod=test_accepts_every_admitted_id_in_this_repository>, 'Traceback (most recent call last):\n  File "/private/var/folders/wm/m3y1rv2d3pg40zxwgw7byqb40000gp/T/wf-profile-run-v3i_83sm/repo/.wavefoundry/framework/scripts/tests/record_layout_support.py", line 956, in wrapper\n    return func(*args, **kwargs)\n  File "/private/var/folders/wm/m3y1rv2d3pg40zxwgw7byqb40000gp/T/wf-profile-run-v3i_83sm/repo/.wavefoundry/framework/scripts/tests/test_change_id_path_guard.py", line 236, in test_accepts_every_admitted_id_in_this_repository\n    self.assertGreater(len(ids), 100)\n    ~~~~~~~~~~~~~~~~~~^^^^^^^^^^^^^^^\nAssertionError: 0 not greater than 100\n')

Diff is 788 characters long. Set self.maxDiff to None to see it.

----------------------------------------------------------------------
Ran 76 tests in 13.336s

FAILED (failures=1)

----------------------------------------------------------------------
Slowest files (top 10 of 178):
  test_docs_lint.py                              376.079s  (1216 tests)
  test_secrets_prefix_collapse.py                280.189s  (17 tests)
  test_indexer.py                                265.248s  (398 tests)
  test_server_tools_lifecycle.py                 229.791s  (619 tests)
  test_server_tools.py                           225.839s  (387 tests)
  test_upgrade_wavefoundry.py                    190.186s  (727 tests)
  test_server_tools_retrieval.py                 139.388s  (1047 tests)
  test_sqlite_storage_migration.py               113.638s  (124 tests)
  test_storage_upgrade_resume.py                  95.865s  (14 tests)
  test_graph_indexer.py                           75.143s  (549 tests)
Worker service time: 3130.950s across 178 files; skipped 28 tests
FAILED (test_profile_support.py)
Ran 12032 tests across 178 files in 644.631s

----------------------------------------------------------------------
Second-profile per-file result (profile 'second'; expected profile: the shipped defaults, then 'second' from WAVEFOUNDRY_TEST_PROFILE): 1 of 178 files failed
  test_profile_support.py                                 76 tests  failures=1 errors=0
Total failures and errors: 1 in 1 files; 177 files passed
SECOND-PROFILE run (second): not delivery evidence; this tree's framework test receipt is never written.
