RESULT_JSON {"run": 1, "failures": 2, "errors": 0, "skips": 0}
test_static_preview_decision_table_and_apply_invalid_refusal_before_execution (test_upgrade_wavefoundry.JournalTriggerPolicyTests.test_static_preview_decision_table_and_apply_invalid_refusal_before_execution) ... 
  test_static_preview_decision_table_and_apply_invalid_refusal_before_execution (test_upgrade_wavefoundry.JournalTriggerPolicyTests.test_static_preview_decision_table_and_apply_invalid_refusal_before_execution) (binding="''", extra='') ... FAIL
  test_static_preview_decision_table_and_apply_invalid_refusal_before_execution (test_upgrade_wavefoundry.JournalTriggerPolicyTests.test_static_preview_decision_table_and_apply_invalid_refusal_before_execution) (binding="'unsupported'", extra='') ... FAIL

======================================================================
FAIL: test_static_preview_decision_table_and_apply_invalid_refusal_before_execution (test_upgrade_wavefoundry.JournalTriggerPolicyTests.test_static_preview_decision_table_and_apply_invalid_refusal_before_execution) (binding="''", extra='')
----------------------------------------------------------------------
Traceback (most recent call last):
  File "/tmp/wf-206is-guard-pins-work/scratch/.wavefoundry/framework/scripts/tests/test_upgrade_wavefoundry.py", line 14943, in test_static_preview_decision_table_and_apply_invalid_refusal_before_execution
    self.assertEqual((metadata["status"], metadata["policy"]), (status, policy))
    ~~~~~~~~~~~~~~~~^^^^^^^^^^^^^^^^^^^^^^^^^^^^^^^^^^^^^^^^^^^^^^^^^^^^^^^^^^^^
AssertionError: Tuples differ: ('valid', '') != ('invalid', None)

First differing element 0:
'valid'
'invalid'

- ('valid', '')
+ ('invalid', None)

======================================================================
FAIL: test_static_preview_decision_table_and_apply_invalid_refusal_before_execution (test_upgrade_wavefoundry.JournalTriggerPolicyTests.test_static_preview_decision_table_and_apply_invalid_refusal_before_execution) (binding="'unsupported'", extra='')
----------------------------------------------------------------------
Traceback (most recent call last):
  File "/tmp/wf-206is-guard-pins-work/scratch/.wavefoundry/framework/scripts/tests/test_upgrade_wavefoundry.py", line 14943, in test_static_preview_decision_table_and_apply_invalid_refusal_before_execution
    self.assertEqual((metadata["status"], metadata["policy"]), (status, policy))
    ~~~~~~~~~~~~~~~~^^^^^^^^^^^^^^^^^^^^^^^^^^^^^^^^^^^^^^^^^^^^^^^^^^^^^^^^^^^^
AssertionError: Tuples differ: ('valid', 'unsupported') != ('invalid', None)

First differing element 0:
'valid'
'invalid'

- ('valid', 'unsupported')
+ ('invalid', None)

----------------------------------------------------------------------
Ran 1 test in 1.762s

FAILED (failures=2)
