RESULT_JSON {"run": 1, "failures": 1, "errors": 0, "skips": 0}
test_call_failure_restores_modules_path_and_reports_partial_effect_truthfully (test_upgrade_protocol.JournalIncomingRunnerTests.test_call_failure_restores_modules_path_and_reports_partial_effect_truthfully) ... FAIL

======================================================================
FAIL: test_call_failure_restores_modules_path_and_reports_partial_effect_truthfully (test_upgrade_protocol.JournalIncomingRunnerTests.test_call_failure_restores_modules_path_and_reports_partial_effect_truthfully)
----------------------------------------------------------------------
Traceback (most recent call last):
  File "/tmp/wf-206is-guard-pins-work/scratch/.wavefoundry/framework/scripts/tests/test_upgrade_protocol.py", line 1187, in test_call_failure_restores_modules_path_and_reports_partial_effect_truthfully
    self._assert_restored()
    ~~~~~~~~~~~~~~~~~~~~~^^
  File "/tmp/wf-206is-guard-pins-work/scratch/.wavefoundry/framework/scripts/tests/test_upgrade_protocol.py", line 1169, in _assert_restored
    self.assertEqual(sys.path, self.before_path)
    ~~~~~~~~~~~~~~~~^^^^^^^^^^^^^^^^^^^^^^^^^^^^
AssertionError: Lists differ: ['/va[53 chars]pbuy/target/.wavefoundry/framework/scripts', '[817 chars]ges'] != ['/va[53 chars]pbuy/old-scripts', '/private/var/folders/wm/m3[817 chars]pts']

First differing element 0:
'/var[32 chars]yqb40000gp/T/tmpjcdupbuy/target/.wavefoundry/framework/scripts'
'/var[32 chars]yqb40000gp/T/tmpjcdupbuy/old-scripts'

Diff is 1305 characters long. Set self.maxDiff to None to see it.

----------------------------------------------------------------------
Ran 1 test in 0.364s

FAILED (failures=1)
