test_the_refusal_driver_resets_every_declaration_constant (test_extension_tool_modules.DeclarationConstantCensusTests.test_the_refusal_driver_resets_every_declaration_constant) ... ok
test_every_declaration_constant_is_classified (test_extension_tool_modules.DeclarationConstantCensusTests.test_every_declaration_constant_is_classified) ... ok
test_no_source_read_of_a_moved_flat_path (test_server_package.TestCensusTests.test_no_source_read_of_a_moved_flat_path) ... ok
test_annotated_literal_and_missing_module_static_controls (test_upgrade_wavefoundry.JournalTriggerPolicyTests.test_annotated_literal_and_missing_module_static_controls) ... ok
test_fifo_named_markdown_is_not_opened_or_selected (test_upgrade_wavefoundry.JournalTriggerPolicyTests.test_fifo_named_markdown_is_not_opened_or_selected) ... ok
test_function_class_exception_and_pattern_trigger_bindings_are_invalid_before_execution (test_upgrade_wavefoundry.JournalTriggerPolicyTests.test_function_class_exception_and_pattern_trigger_bindings_are_invalid_before_execution) ... ok
test_legacy_absent_and_explicit_defaults_keep_no_source_cutover (test_upgrade_wavefoundry.JournalTriggerPolicyTests.test_legacy_absent_and_explicit_defaults_keep_no_source_cutover) ... ok
test_linked_source_ancestor_is_not_followed (test_upgrade_wavefoundry.JournalTriggerPolicyTests.test_linked_source_ancestor_is_not_followed) ... ok
test_loaded_invalid_trigger_is_refused_by_framework_policy_guard (test_upgrade_wavefoundry.JournalTriggerPolicyTests.test_loaded_invalid_trigger_is_refused_by_framework_policy_guard) ... ok
test_loaded_trigger_must_match_static_selection_before_dependents (test_upgrade_wavefoundry.JournalTriggerPolicyTests.test_loaded_trigger_must_match_static_selection_before_dependents) ... ok
test_nonqualifying_direct_sources_never_call_opted_in_hook (test_upgrade_wavefoundry.JournalTriggerPolicyTests.test_nonqualifying_direct_sources_never_call_opted_in_hook) ... ok
test_opt_in_failure_preserves_partial_effects_and_prevents_dependent_migration (test_upgrade_wavefoundry.JournalTriggerPolicyTests.test_opt_in_failure_preserves_partial_effects_and_prevents_dependent_migration) ... ok
test_opt_in_versions_and_multiple_sources_call_once_without_permission_expansion (test_upgrade_wavefoundry.JournalTriggerPolicyTests.test_opt_in_versions_and_multiple_sources_call_once_without_permission_expansion) ... ok
test_presence_does_not_read_content_or_use_public_preview_left_entries (test_upgrade_wavefoundry.JournalTriggerPolicyTests.test_presence_does_not_read_content_or_use_public_preview_left_entries) ... ok
test_refused_static_source_is_unknown_without_execution (test_upgrade_wavefoundry.JournalTriggerPolicyTests.test_refused_static_source_is_unknown_without_execution) ... ok
test_registry_base_profiles_positional_validator_and_activation_are_compatible (test_upgrade_wavefoundry.JournalTriggerPolicyTests.test_registry_base_profiles_positional_validator_and_activation_are_compatible) ... ok
test_static_preview_decision_table_and_apply_invalid_refusal_before_execution (test_upgrade_wavefoundry.JournalTriggerPolicyTests.test_static_preview_decision_table_and_apply_invalid_refusal_before_execution) ... ok
test_zip_preview_uses_incoming_policy_and_writes_no_report (test_upgrade_wavefoundry.JournalTriggerPolicyTests.test_zip_preview_uses_incoming_policy_and_writes_no_report) ... ok
test_cached_old_modules_and_descendants_restore_after_success_and_idempotent_retry (test_upgrade_protocol.JournalIncomingRunnerTests.test_cached_old_modules_and_descendants_restore_after_success_and_idempotent_retry) ... ok
test_call_failure_restores_modules_path_and_reports_partial_effect_truthfully (test_upgrade_protocol.JournalIncomingRunnerTests.test_call_failure_restores_modules_path_and_reports_partial_effect_truthfully) ... ok
test_import_failure_restores_modules_path_and_uses_actual_runner_refusal (test_upgrade_protocol.JournalIncomingRunnerTests.test_import_failure_restores_modules_path_and_uses_actual_runner_refusal) ... ok

----------------------------------------------------------------------
Ran 21 tests in 7.447s

OK
