Bytecode cache warm (1.6s).
Running 177 test files across 6 workers …
  [1/177] test_ann_reference_eval.py — 28 tests ok (0.4s)
  [2/177] test_archive_memory_backfill.py — 9 tests ok (0.7s)
  [3/177] test_build_epoch_recovery.py — 10 tests ok (0.7s)
  [4/177] test_change_doc_checklist.py — 54 tests ok (0.2s)
  [5/177] test_agent_surface_integrity.py — 6 tests ok (1.1s)
  [6/177] test_accel_embedder.py — 86 tests ok (1.8s)
  [7/177] test_check_version.py — 18 tests ok (0.1s)
  [8/177] test_archive_root.py — 21 tests ok (2.5s)
  [9/177] test_change_id_path_guard.py — 49 tests ok (2.0s)
  [10/177] test_cli_stdio.py — 11 tests ok (0.1s)
  [11/177] test_close_change.py — 40 tests ok (0.9s)
  [12/177] test_code_reader_lock_guard.py — 24 tests ok (3.0s)
  [13/177] test_chunker.py — 579 tests ok (5.3s)
  [14/177] test_contained_files.py — 35 tests ok (0.3s)
  [15/177] test_chunk_tags.py — 20 tests ok (6.5s)
  [16/177] test_contained_repo_access.py — 24 tests ok (3.0s)
  [17/177] test_context_efficiency.py — 86 tests ok (2.9s)
  [18/177] test_commit_provenance.py — 25 tests ok (4.4s)
  [19/177] test_dashboard_terminology.py — 11 tests ok (1.0s)
  [20/177] test_change_kinds.py — 28 tests ok (11.8s)
  [21/177] test_council_signoff_keys.py — 30 tests ok (1.9s)
  [22/177] test_declaration_support.py — 9 tests ok (0.9s)
  [23/177] test_design_system_backfill.py — 10 tests ok (0.1s)
  [24/177] test_design_system_governance_validators.py — 44 tests ok (0.1s)
  [25/177] test_design_system_surface_validators.py — 39 tests ok (0.2s)
  [26/177] test_design_system_validators.py — 45 tests ok (0.4s)
  [27/177] test_design_token_build.py — 12 tests ok (0.4s)
  [28/177] test_build_pack.py — 119 tests ok (14.4s)
  [29/177] test_declared_wave_fixtures.py — 13 tests ok (1.9s)
  [30/177] test_declared_extension_skills.py — 58 tests ok (2.6s)
  [31/177] test_docs_gardener.py — 24 tests ok (0.6s)
  [32/177] test_docs_constants_lint.py — 32 tests ok (4.1s)
  [33/177] test_events_only_residue_census.py — 25 tests ok (0.9s)
  [34/177] test_bytecode_cache.py — 53 tests ok (19.4s)
  [35/177] test_extension_public_helpers.py — 13 tests ok (1.5s)
  [36/177] test_fixture_fidelity_guidance.py — 3 tests ok (0.3s)
  [37/177] test_distribution_seams.py — 41 tests ok (7.5s)
  [38/177] test_fts_lexical_layer.py — 58 tests ok (3.0s)
  [39/177] test_fts_query_honesty.py — 42 tests ok (5.7s)
  [40/177] test_graph_call_census.py — 12 tests ok (0.2s)
  [41/177] test_gen_codebase_map.py — 69 tests ok (5.0s)
  [42/177] test_graph_cluster.py — 83 tests ok (0.2s)
  [43/177] test_graph_call_integrity.py — 50 tests ok (4.4s)
  [44/177] test_dashboard_server.py — 228 tests ok (27.7s)
  [45/177] test_graph_quality_eval.py — 102 tests ok (1.6s)
  [46/177] test_doc_drift.py — 103 tests ok (26.8s)
  [47/177] test_graph_rust_provenance.py — 9 tests ok (1.6s)
  [48/177] test_graph_query.py — 98 tests ok (2.8s)
  [49/177] test_graph_transactional_state.py — 11 tests ok (1.7s)
  [50/177] test_graph_incremental_merge.py — 58 tests ok (16.2s)
  [51/177] test_history_paths.py — 26 tests ok (0.5s)
  [52/177] test_index_build_lock_process_hold.py — 12 tests ok (2.2s)
  [53/177] test_graph_snapshot_readers.py — 51 tests ok (12.3s)
  [54/177] test_index_build_retry.py — 9 tests ok (7.6s)
  [55/177] test_index_handler_identity.py — 1 tests ok (0.1s)
  [56/177] test_index_optimize_contract.py — 5 tests ok (2.5s)
  [57/177] test_index_compatibility.py — 17 tests ok (4.2s)
  [58/177] test_graph_indexer.py — 549 tests ok (27.4s)
  [59/177] test_index_upgrade_guard.py — 25 tests ok (0.5s)
  [60/177] test_index_source_guard.py — 9 tests ok (2.1s)
  [61/177] test_indexer_secrets_scope.py — 9 tests ok (2.7s)
  [62/177] test_install_log_lib.py — 56 tests ok (0.3s)
  [63/177] test_install_resume_integration.py — 2 tests ok (3.7s)
  [64/177] test_label_reader_census.py — 5 tests ok (0.2s)
  [65/177] test_index_state_store.py — 100 tests ok (8.6s)
  [66/177] test_lexical_ranking_eval.py — 19 tests ok (1.0s)
  [67/177] test_lifecycle_document_names.py — 8 tests ok (0.4s)
  [68/177] test_legacy_council_actors.py — 4 tests ok (4.4s)
  [69/177] test_handler_modules.py — 13 tests ok (28.3s)
  [70/177] test_lifecycle_golden.py — 5 tests ok (5.9s)
  [71/177] test_lifecycle_id.py — 82 tests ok (0.6s)
  [72/177] test_lifecycle_lock_links.py — 45 tests ok (1.5s)
  [73/177] test_extension_tool_modules.py — 223 tests ok (64.9s)
  [74/177] test_marker_namespaces.py — 8 tests ok (0.7s)
  [75/177] test_lifecycle_mutation_lock.py — 69 tests ok (8.5s)
  [76/177] test_mcp_tool_registry.py — 27 tests ok (5.4s)
  [77/177] test_lifecycle_gates_structure.py — 15 tests ok (23.4s)
  [78/177] test_memory_eval.py — 25 tests ok (5.2s)
  [79/177] test_memory_backfill.py — 47 tests ok (6.8s)
  [80/177] test_model_bundle.py — 25 tests ok (1.2s)
  [81/177] test_navigation_glob.py — 5 tests ok (1.4s)
  [82/177] test_onnxruntime_telemetry.py — 24 tests ok (2.6s)
  [83/177] test_lifecycle_gates.py — 27 tests ok (31.1s)
  [84/177] test_operator_identity.py — 9 tests ok (0.3s)
  [85/177] test_pathlib_predicate_guards.py — 36 tests ok (0.5s)
  [86/177] test_navigation_walker_runtime.py — 10 tests ok (4.9s)
  [87/177] test_perf_budget_policy.py — 5 tests ok (0.1s)
  [88/177] test_memory_records.py — 230 tests ok (6.9s)
  [89/177] test_per_area_agents_context.py — 9 tests ok (1.6s)
  [90/177] test_process_info.py — 11 tests ok (0.4s)
  [91/177] test_path_containment.py — 23 tests ok (4.9s)
  [92/177] test_profile_literal_census.py — 8 tests ok (4.1s)
  [93/177] test_prune_framework.py — 17 tests ok (0.1s)
  [94/177] test_python_diagnostic_windows.py — 1 tests ok (0.1s)
  [95/177] test_process_info_callers.py — 16 tests ok (7.4s)
  [96/177] test_python_parse_diagnostics.py — 8 tests ok (3.3s)
  [97/177] test_readiness_convergence.py — 10 tests ok (1.4s)
  [98/177] test_phase_gates.py — 32 tests ok (10.5s)
  [99/177] test_reconcile_scan.py — 67 tests ok (2.4s)
  [100/177] test_record_layout_census.py — 5 tests ok (0.3s)
  [101/177] test_record_layout_cold_sites.py — 4 tests ok (0.3s)
  [102/177] test_record_discovery_fail_closed.py — 81 tests ok (2.6s)
  [103/177] test_record_document_read_rule.py — 12 tests ok (2.8s)
  [104/177] test_record_paths.py — 45 tests ok (0.2s)
  [105/177] test_record_layout_lifecycle.py — 29 tests ok (3.5s)
  [106/177] test_profile_support.py — 74 tests ok (15.3s)
  [107/177] test_repair_ppol_memory_staging.py — 17 tests ok (0.3s)
  [108/177] test_retired_change_kinds.py — 18 tests ok (1.8s)
  [109/177] test_record_layout_nested.py — 18 tests ok (9.0s)
  [110/177] test_retrieval_eval.py — 161 tests ok (3.7s)
  [111/177] test_retrieval_candidate_generation.py — 38 tests ok (5.5s)
  [112/177] test_review_evidence.py — 190 tests ok (1.7s)
  [113/177] test_render_agent_surfaces.py — 160 tests ok (13.8s)
  [114/177] test_run_tests_cache.py — 97 tests ok (0.7s)
  [115/177] test_run_tests_lock.py — 15 tests ok (1.2s)
  [116/177] test_review_operator_integration.py — 14 tests ok (4.0s)
  [117/177] test_runtime_advisory.py — 6 tests ok (0.8s)
  [118/177] test_review_policy.py — 107 tests ok (4.4s)
  [119/177] test_scan_secrets.py — 22 tests ok (0.4s)
  [120/177] test_scanner_skips.py — 12 tests ok (0.2s)
  [121/177] test_runtime_lock.py — 40 tests ok (1.2s)
  [122/177] test_secrets_lock_exclusion.py — 9 tests ok (1.1s)
  [123/177] test_run_tests_repo_guard.py — 30 tests ok (4.4s)
  [124/177] test_secret_scan_cache.py — 24 tests ok (3.6s)
  [125/177] test_sensor_runner.py — 5 tests ok (0.6s)
  [126/177] test_server_context_efficiency.py — 106 tests ok (6.3s)
  [127/177] test_secrets_validators.py — 157 tests ok (8.6s)
  [128/177] test_render_platform_surfaces.py — 128 tests ok (31.8s)
  [129/177] test_server_env_file.py — 7 tests ok (4.6s)
  [130/177] test_server_stdout_isolation.py — 3 tests ok (0.2s)
  [131/177] test_server_startup_guards.py — 6 tests ok (0.5s)
  [132/177] test_docs_lint.py — 1216 tests ok (151.1s)
  [133/177] test_server_package.py — 31 tests ok (24.2s)
  [134/177] test_session_start_hook.py — 18 tests ok (5.0s)
  [135/177] test_setup_index.py — 200 tests ok (74.0s)
  [136/177] test_setup_readiness.py — 49 tests ok (7.6s)
  [137/177] test_setup_readiness_integration.py — 20 tests ok (3.5s)
  [138/177] test_indexer.py — 398 tests ok (205.5s)
  [139/177] test_setup_stamp_writers.py — 9 tests ok (2.5s)
  [140/177] test_setup_reconciliation.py — 47 tests ok (12.8s)
  [141/177] test_shipped_reference_docs.py — 26 tests ok (0.6s)
  [142/177] test_sqlite_event_eval.py — 3 tests ok (0.2s)
  [143/177] test_sqlite_publication.py — 14 tests ok (2.2s)
  [144/177] test_sqlite_publication_optimization.py — 4 tests ok (1.2s)
  [145/177] test_setup_wavefoundry.py — 50 tests ok (17.0s)
  [146/177] test_sqlite_serving.py — 37 tests ok (11.3s)
  [147/177] test_startup_install.py — 61 tests ok (27.0s)
  [148/177] test_server_tools_lifecycle.py — 615 tests ok (165.0s)
  [149/177] test_storage_identity.py — 3 tests ok (0.3s)
  [150/177] test_subprocess_util.py — 28 tests ok (6.7s)
  [151/177] test_server_tools_retrieval.py — 1047 tests ok (155.7s)
  [152/177] test_server_tools.py — 387 tests ok (190.1s)
  [153/177] test_techdocs_audit_lib.py — 86 tests ok (23.7s)
  [154/177] test_tree_sitter_cache.py — 9 tests ok (0.1s)
  [155/177] test_tool_surface_golden.py — 25 tests ok (33.7s)
  [156/177] test_upgrade_protocol.py — 37 tests ok (12.9s)
  [157/177] test_upgrade_reload_runner.py — 8 tests ok (1.9s)
  [158/177] test_vector_backend_eval.py — 7 tests ok (0.2s)
  [159/177] test_vector_public_compare.py — 7 tests ok (0.1s)
  [160/177] test_vector_public_eval.py — 2 tests ok (0.1s)
  [161/177] test_vector_public_filter_smoke.py — 2 tests ok (0.1s)
  [162/177] test_vendored_integrity.py — 18 tests ok (1.2s)
  [163/177] test_venv_bootstrap.py — 43 tests ok (2.6s)
  [164/177] test_verify_vendored_scripts.py — 65 tests ok (0.5s)
  [165/177] test_vocabulary_census.py — 5 tests ok (2.0s)
  [166/177] test_vocabulary_profile.py — 32 tests ok (0.7s)
  [167/177] test_tree_kill_routing.py — 33 tests ok (30.2s)
  [168/177] test_vocabulary_second_profile.py — 11 tests ok (8.9s)
  [169/177] test_vocabulary_writers.py — 8 tests ok (4.2s)
  [170/177] test_wave_gate.py — 14 tests ok (0.1s)
  [171/177] test_wf_cli.py — 54 tests ok (5.1s)
  [172/177] test_workflow_include_prefixes.py — 13 tests ok (0.6s)
  [173/177] test_storage_upgrade_resume.py — 14 tests ok (77.0s)
  [174/177] test_secrets_prefix_collapse.py — 17 tests ok (257.9s)
  [175/177] test_sqlite_storage_migration.py — 124 tests ok (121.4s)
  [176/177] test_vocabulary_prompt_names.py — 36 tests ok (42.2s)
  [177/177] test_upgrade_wavefoundry.py — 726 tests ok (165.2s)

REPOSITORY CHANGED DURING THE TEST RUN: tests must write only under temporary roots, but these tracked, non-ignored or edit-gate paths were created, modified or deleted:
  docs/waves/206is journal-hook-follow-up/204mo-enh version-independent-journal-hook.md
  docs/waves/206is journal-hook-follow-up/events.jsonl
  docs/waves/206is journal-hook-follow-up/evidence/delivery/wf-206is-final-frozen-verification.json
  docs/waves/206is journal-hook-follow-up/evidence/delivery/wf-206is-reverify-code-probe.py
  docs/waves/206is journal-hook-follow-up/evidence/delivery/wf-206is-reverify-code-report.py
  docs/waves/206is journal-hook-follow-up/evidence/delivery/wf-206is-reverify-code-sibling-probe.py
  docs/waves/206is journal-hook-follow-up/evidence/delivery/wf-206is-reverify-code.json
  docs/waves/206is journal-hook-follow-up/evidence/delivery/wf-206is-reverify-docs-census.log
  docs/waves/206is journal-hook-follow-up/evidence/delivery/wf-206is-reverify-docs-probe.json
  docs/waves/206is journal-hook-follow-up/evidence/delivery/wf-206is-reverify-docs-probe.log
  docs/waves/206is journal-hook-follow-up/evidence/delivery/wf-206is-reverify-docs-probe.py
  docs/waves/206is journal-hook-follow-up/evidence/delivery/wf-206is-reverify-docs-report.py
  docs/waves/206is journal-hook-follow-up/evidence/delivery/wf-206is-reverify-docs-runtime.log
  docs/waves/206is journal-hook-follow-up/evidence/delivery/wf-206is-reverify-docs.json
  docs/waves/206is journal-hook-follow-up/evidence/delivery/wf-206is-reverify-qa-computed-source.log
  docs/waves/206is journal-hook-follow-up/evidence/delivery/wf-206is-reverify-qa-current.log
  docs/waves/206is journal-hook-follow-up/evidence/delivery/wf-206is-reverify-qa-missing-trigger.log
  docs/waves/206is journal-hook-follow-up/evidence/delivery/wf-206is-reverify-qa-probe.json
  docs/waves/206is journal-hook-follow-up/evidence/delivery/wf-206is-reverify-qa-probe.py
  docs/waves/206is journal-hook-follow-up/evidence/delivery/wf-206is-reverify-qa-report.py
  docs/waves/206is journal-hook-follow-up/evidence/delivery/wf-206is-reverify-qa-source-restored.log
  docs/waves/206is journal-hook-follow-up/evidence/delivery/wf-206is-reverify-qa-trigger-restored.log
  docs/waves/206is journal-hook-follow-up/evidence/delivery/wf-206is-reverify-qa.json
  docs/waves/206is journal-hook-follow-up/evidence/delivery/wf-206is-second-profile-repair.log
  docs/waves/206is journal-hook-follow-up/wave.md
A concurrent edit by an operator or agent during the run, including opening or closing an edit gate, also trips this guard; if that is the cause, re-run once the tree is quiet. Otherwise fix the offending test to write under a temporary root.

----------------------------------------------------------------------
Slowest files (top 10 of 177):
  test_secrets_prefix_collapse.py                257.933s  (17 tests)
  test_indexer.py                                205.464s  (398 tests)
  test_server_tools.py                           190.139s  (387 tests)
  test_upgrade_wavefoundry.py                    165.208s  (726 tests)
  test_server_tools_lifecycle.py                 165.039s  (615 tests)
  test_server_tools_retrieval.py                 155.704s  (1047 tests)
  test_docs_lint.py                              151.051s  (1216 tests)
  test_sqlite_storage_migration.py               121.421s  (124 tests)
  test_storage_upgrade_resume.py                  77.041s  (14 tests)
  test_setup_index.py                             73.981s  (200 tests)
Worker service time: 2511.098s across 177 files; skipped 20 tests
Ran 11995 tests across 177 files in 523.213s
FAILED (stray test artifacts or repository changes)
