Running 66 test files across 6 workers …
  [1/66] test_check_version.py — 18 tests ok (0.1s)
  [2/66] test_cli_stdio.py — 11 tests ok (0.1s)
  [3/66] test_accel_embedder.py — 74 tests ok (0.7s)
  [4/66] test_agent_surface_integrity.py — 6 tests ok (0.9s)
  [5/66] test_context_efficiency.py — 53 tests ok (0.8s)
  [6/66] test_design_system_backfill.py — 10 tests ok (0.1s)
  [7/66] test_design_system_governance_validators.py — 44 tests ok (0.2s)
  [8/66] test_design_system_surface_validators.py — 39 tests ok (0.2s)
  [9/66] test_design_system_validators.py — 45 tests ok (0.4s)
  [10/66] test_design_token_build.py — 12 tests ok (0.4s)
  [11/66] test_commit_provenance.py — 23 tests ok (3.8s)
  [12/66] test_docs_gardener.py — 17 tests ok (0.3s)
  [13/66] test_docs_constants_lint.py — 26 tests ok (2.7s)
  [14/66] test_events_only_residue_census.py — 24 tests ok (0.7s)
  [15/66] test_fts_lexical_layer.py — 56 tests ok (3.4s)
  [16/66] test_build_pack.py — 115 tests ok (8.7s)
  [17/66] test_graph_cluster.py — 75 tests ok (0.7s)
  [18/66] test_gen_codebase_map.py — 68 tests ok (1.3s)
  [19/66] test_graph_incremental_merge.py — 40 tests ok (6.8s)
  [20/66] test_graph_query.py — 90 tests ok (2.8s)
  [21/66] test_index_state_store.py — 40 tests ok (3.5s)
  [22/66] test_dashboard_server.py — 198 tests ok (22.7s)
  [23/66] test_doc_drift.py — 102 tests ok (22.3s)
  [24/66] test_install_log_lib.py — 53 tests ok (0.4s)
  [25/66] test_lifecycle_id.py — 82 tests ok (0.5s)
  [26/66] test_lifecycle_mutation_lock.py — 17 tests ok (1.0s)
  [27/66] test_memory_eval.py — 14 tests ok (1.0s)
  [28/66] test_chunker.py — 538 tests ok (27.3s)
  [29/66] test_memory_backfill.py — 46 tests ok (3.1s)
  [30/66] test_model_bundle.py — 25 tests ok (0.7s)
  [31/66] test_perf_budget_policy.py — 5 tests ok (0.0s)
  [32/66] test_prune_framework.py — 17 tests ok (0.1s)
  [33/66] test_per_area_agents_context.py — 9 tests ok (0.8s)
  [34/66] test_reconcile_scan.py — 61 tests ok (1.4s)
  [35/66] test_python_parse_diagnostics.py — 8 tests ok (2.1s)
  [36/66] test_render_agent_surfaces.py — 115 tests ok (2.3s)
  [37/66] test_render_platform_surfaces.py — 94 tests ok (2.5s)
  [38/66] test_review_evidence.py — 156 tests ok (1.2s)
  [39/66] test_memory_records.py — 204 tests ok (7.6s)
  [40/66] test_run_tests_cache.py — 97 tests ok (0.5s)
  [41/66] test_runtime_lock.py — 10 tests ok (0.2s)
  [42/66] test_scan_secrets.py — 22 tests ok (0.1s)
  [43/66] test_run_tests_lock.py — 15 tests ok (0.9s)
  [44/66] test_secret_scan_cache.py — 19 tests ok (1.5s)
  [45/66] test_review_policy.py — 102 tests ok (3.6s)
  [46/66] test_server_startup_guards.py — 6 tests ok (0.3s)
  [47/66] test_server_stdout_isolation.py — 3 tests ok (0.1s)
  [48/66] test_secrets_validators.py — 146 tests ok (4.1s)
  [49/66] test_server_context_efficiency.py — 95 tests ok (3.3s)
  [50/66] test_graph_indexer.py — 534 tests ok (64.0s)
  [51/66] test_server_tools_retrieval.py — 896 tests ok (39.3s)
  [52/66] test_setup_wavefoundry.py — 35 tests ok (1.0s)
  [53/66] test_shipped_reference_docs.py — 18 tests ok (0.3s)
  [54/66] test_subprocess_util.py — 24 tests ok (0.2s)
  [55/66] test_techdocs_audit_lib.py — 84 tests ok (8.6s)
  [56/66] test_tree_sitter_cache.py — 9 tests ok (0.1s)
  [57/66] test_upgrade_protocol.py — 29 tests ok (6.4s)
  [58/66] test_setup_index.py — 159 tests ok (23.3s)
  [59/66] test_venv_bootstrap.py — 33 tests ok (1.8s)
  [60/66] test_wave_gate.py — 14 tests ok (0.1s)
  [61/66] test_indexer.py — 312 tests ok (77.1s)
  [62/66] test_wf_cli.py — 51 tests ok (1.8s)
  [63/66] test_docs_lint.py — 984 tests ok (106.5s)
  [64/66] test_upgrade_wavefoundry.py — 512 tests ok (17.9s)
  [65/66] test_server_tools_lifecycle.py — 510 tests ok (80.2s)
  [66/66] test_server_tools.py — 336 tests ok (86.7s)

----------------------------------------------------------------------
Slowest files (top 10 of 66):
  test_docs_lint.py                              106.473s  (984 tests)
  test_server_tools.py                            86.679s  (336 tests)
  test_server_tools_lifecycle.py                  80.247s  (510 tests)
  test_indexer.py                                 77.129s  (312 tests)
  test_graph_indexer.py                           64.011s  (534 tests)
  test_server_tools_retrieval.py                  39.291s  (896 tests)
  test_chunker.py                                 27.258s  (538 tests)
  test_setup_index.py                             23.259s  (159 tests)
  test_dashboard_server.py                        22.692s  (198 tests)
  test_doc_drift.py                               22.301s  (102 tests)
Worker service time: 665.709s across 66 files; skipped 3 tests
Ran 7685 tests across 66 files in 123.355s
OK
