test_the_refusal_driver_resets_every_declaration_constant (test_extension_tool_modules.DeclarationConstantCensusTests.test_the_refusal_driver_resets_every_declaration_constant) ... FAIL
test_no_source_read_of_a_moved_flat_path (test_server_package.TestCensusTests.test_no_source_read_of_a_moved_flat_path) ... FAIL

======================================================================
FAIL: test_the_refusal_driver_resets_every_declaration_constant (test_extension_tool_modules.DeclarationConstantCensusTests.test_the_refusal_driver_resets_every_declaration_constant)
----------------------------------------------------------------------
Traceback (most recent call last):
  File "/var/folders/wm/m3y1rv2d3pg40zxwgw7byqb40000gp/T/wf-c6-qa-ready-b4tdz7_r/.wavefoundry/framework/scripts/tests/test_extension_tool_modules.py", line 4446, in test_the_refusal_driver_resets_every_declaration_constant
    self.assertIn(f"{name}=", empty_line, name)
    ~~~~~~~~~~~~~^^^^^^^^^^^^^^^^^^^^^^^^^^^^^^
AssertionError: 'EXTENSION_JOURNAL_PRE_MIGRATION_TRIGGER=' not found in 'empty = dict(EXTENSION_MODULES=(), EXTENSION_HELPER_MODULES=(), EXTENSION_TOOL_PREFIXES=(), EXTENSION_TOOL_TIERS={}, EXTENSION_OVERRIDES={},\n                     EXTENSION_TOOL_ALIASES={}, EXTENSION_TOOL_PARAMETERS={}, EXTENSION_HIDDEN_TOOLS=(),\n                     EXTENSION_LIFECYCLE_TOOLS=(), EXTENSION_ARTIFACT_PATH_FIELDS={}, EXTENSION_SKILLS={},\n                     EXTENSION_JOURNAL_TEMPLATES=(), EXTENSION_JOURNAL_PRE_MIGRATION_HOOK="",\n                     EXTENSION_REPLACEMENTS={}' : EXTENSION_JOURNAL_PRE_MIGRATION_TRIGGER

======================================================================
FAIL: test_no_source_read_of_a_moved_flat_path (test_server_package.TestCensusTests.test_no_source_read_of_a_moved_flat_path)
----------------------------------------------------------------------
Traceback (most recent call last):
  File "/var/folders/wm/m3y1rv2d3pg40zxwgw7byqb40000gp/T/wf-c6-qa-ready-b4tdz7_r/.wavefoundry/framework/scripts/tests/test_server_package.py", line 439, in test_no_source_read_of_a_moved_flat_path
    self.assertEqual(found, {}, "read moved-module sources through framework_files.source_path")
    ~~~~~~~~~~~~~~~~^^^^^^^^^^^^^^^^^^^^^^^^^^^^^^^^^^^^^^^^^^^^^^^^^^^^^^^^^^^^^^^^^^^^^^^^^^^^
AssertionError: {'test_upgrade_wavefoundry.py': ["SCRIPTS_ROOT / f'{helper}.py'"]} != {}
- {'test_upgrade_wavefoundry.py': ["SCRIPTS_ROOT / f'{helper}.py'"]}
+ {} : read moved-module sources through framework_files.source_path

----------------------------------------------------------------------
Ran 2 tests in 3.360s

FAILED (failures=2)
