test_checkpoint_pause_recovery_cleanup_carries_the_schema_token (test_upgrade_wavefoundry.DelegatedSummaryContractTests.test_checkpoint_pause_recovery_cleanup_carries_the_schema_token)
Wave 1uf68 requirement 6(a) / AC-1: the FAILURE branch of ... ok
test_cleanup_reports_a_recorded_dependency_failure (test_upgrade_wavefoundry.DelegatedSummaryContractTests.test_cleanup_reports_a_recorded_dependency_failure)
Wave 1zfd9: the --cleanup branch reads dependency_provisioning_failed from the lock. ... ok
test_contract_constants_are_frozen (test_upgrade_wavefoundry.DelegatedSummaryContractTests.test_contract_constants_are_frozen) ... ok
test_nominal_cleanup_carries_the_schema_token_on_both_lock_shapes (test_upgrade_wavefoundry.DelegatedSummaryContractTests.test_nominal_cleanup_carries_the_schema_token_on_both_lock_shapes)
Wave 1uf68 requirement 6(b) / AC-1: the ordinary success branch ... ok
test_real_child_envelope_and_old_schema_lock_tolerance (test_upgrade_wavefoundry.DelegatedSummaryContractTests.test_real_child_envelope_and_old_schema_lock_tolerance) ... ok
test_real_child_reads_nonempty_skipped_scan_locations_from_lock (test_upgrade_wavefoundry.DelegatedSummaryContractTests.test_real_child_reads_nonempty_skipped_scan_locations_from_lock) ... ok
test_sentinel_prefix_value_is_frozen (test_upgrade_wavefoundry.DelegatedSummaryContractTests.test_sentinel_prefix_value_is_frozen) ... ok
test_shared_builder_never_carries_the_schema_token (test_upgrade_wavefoundry.DelegatedSummaryContractTests.test_shared_builder_never_carries_the_schema_token)
Wave 1uf68 requirement 6(c) / AC-2: the token lives at the EMIT site, ... ok
test_spawned_argv_shape_is_frozen_and_payload_reemitted_verbatim (test_upgrade_wavefoundry.DelegatedSummaryContractTests.test_spawned_argv_shape_is_frozen_and_payload_reemitted_verbatim) ... ok
test_unrecognized_version_token_routes_to_degradation (test_upgrade_wavefoundry.DelegatedSummaryContractTests.test_unrecognized_version_token_routes_to_degradation) ... ok
test_entry_point_absent_is_marker_carrying_degradation (test_upgrade_wavefoundry.DelegatedSummaryDegradationTests.test_entry_point_absent_is_marker_carrying_degradation) ... ok
test_malformed_or_absent_sentinel_degrades (test_upgrade_wavefoundry.DelegatedSummaryDegradationTests.test_malformed_or_absent_sentinel_degrades) ... ok
test_nonzero_child_exit_degrades (test_upgrade_wavefoundry.DelegatedSummaryDegradationTests.test_nonzero_child_exit_degrades) ... ok
test_old_key_parent_against_new_key_payload_degrades_marked (test_upgrade_wavefoundry.DelegatedSummaryDegradationTests.test_old_key_parent_against_new_key_payload_degrades_marked) ... ok
test_old_pack_rejecting_the_flag_degrades_with_exit_status (test_upgrade_wavefoundry.DelegatedSummaryDegradationTests.test_old_pack_rejecting_the_flag_degrades_with_exit_status) ... ok
test_successful_delegate_forbids_the_fallback (test_upgrade_wavefoundry.DelegatedSummaryDegradationTests.test_successful_delegate_forbids_the_fallback) ... ok
test_timeout_degrades_with_injected_deadline (test_upgrade_wavefoundry.DelegatedSummaryDegradationTests.test_timeout_degrades_with_injected_deadline) ... ok
test_probe_field_transports_through_the_parents_real_emit_path (test_upgrade_wavefoundry.DelegatedSummarySchemaDivergentTests.test_probe_field_transports_through_the_parents_real_emit_path) ... ok
test_actual_worker_preserves_partial_live_findings (test_upgrade_wavefoundry.BoundedUpgradeReportingTests.test_actual_worker_preserves_partial_live_findings) ... ok
test_cleanup_attempts_verified_pack_even_when_optional_emitter_raises (test_upgrade_wavefoundry.BoundedUpgradeReportingTests.test_cleanup_attempts_verified_pack_even_when_optional_emitter_raises) ... ok
test_contradictory_publication_and_consent_facts_degrade (test_upgrade_wavefoundry.BoundedUpgradeReportingTests.test_contradictory_publication_and_consent_facts_degrade) ... ok
test_delegate_failure_never_scans_or_runs_diagnostics_again (test_upgrade_wavefoundry.BoundedUpgradeReportingTests.test_delegate_failure_never_scans_or_runs_diagnostics_again) ... ok
test_owned_worker_timeout_retains_progress_and_cleans_temporary (test_upgrade_wavefoundry.BoundedUpgradeReportingTests.test_owned_worker_timeout_retains_progress_and_cleans_temporary) ... ok
test_scan_error_is_never_empty_success (test_upgrade_wavefoundry.BoundedUpgradeReportingTests.test_scan_error_is_never_empty_success) ... ok
test_verified_pack_cleanup_refuses_unproven_prefix_and_changed_identity (test_upgrade_wavefoundry.BoundedUpgradeReportingTests.test_verified_pack_cleanup_refuses_unproven_prefix_and_changed_identity) ...   Private pack retained — verified ownership/identity is not proven.
  Private pack retained — verified ownership/identity is not proven.
ok
test_a_failed_checkpoint_after_the_gate_stays_resumable (test_upgrade_wavefoundry.ResumeAfterGateTests.test_a_failed_checkpoint_after_the_gate_stays_resumable) ... ok
test_a_real_memory_pause_is_not_treated_as_a_crash (test_upgrade_wavefoundry.ResumeAfterGateTests.test_a_real_memory_pause_is_not_treated_as_a_crash) ... ok
test_a_sidecar_cleanup_failure_after_the_gate_keeps_its_own_label (test_upgrade_wavefoundry.ResumeAfterGateTests.test_a_sidecar_cleanup_failure_after_the_gate_keeps_its_own_label) ... ok
test_index_and_cleanup_refuse_a_post_docs_gate_failure_with_a_pointer (test_upgrade_wavefoundry.ResumeAfterGateTests.test_index_and_cleanup_refuse_a_post_docs_gate_failure_with_a_pointer) ... ok
test_projector_is_retired_without_replacement (test_upgrade_wavefoundry.ResumeAfterGateTests.test_projector_is_retired_without_replacement) ... ok
test_resume_nonzero_on_repeated_failure (test_upgrade_wavefoundry.ResumeAfterGateTests.test_resume_nonzero_on_repeated_failure) ... ok
test_resume_recovers_a_post_docs_gate_failure (test_upgrade_wavefoundry.ResumeAfterGateTests.test_resume_recovers_a_post_docs_gate_failure) ... ok
test_resume_recovers_the_pre_1_28_label_with_and_without_a_run_id (test_upgrade_wavefoundry.ResumeAfterGateTests.test_resume_recovers_the_pre_1_28_label_with_and_without_a_run_id) ... ok
test_resume_refuses_non_gate_failure (test_upgrade_wavefoundry.ResumeAfterGateTests.test_resume_refuses_non_gate_failure) ... ok
test_resume_refuses_sidecar_cleanup_failure (test_upgrade_wavefoundry.ResumeAfterGateTests.test_resume_refuses_sidecar_cleanup_failure) ... ok
test_resume_refuses_when_no_lock (test_upgrade_wavefoundry.ResumeAfterGateTests.test_resume_refuses_when_no_lock) ... ok
test_resume_runs_only_the_docs_gate_and_clears_marker_on_pass (test_upgrade_wavefoundry.ResumeAfterGateTests.test_resume_runs_only_the_docs_gate_and_clears_marker_on_pass) ... ok
test_the_summary_reports_the_gate_passed_and_finalize_points_at_resume (test_upgrade_wavefoundry.ResumeAfterGateTests.test_the_summary_reports_the_gate_passed_and_finalize_points_at_resume) ... ok
test_tree_already_at_no_version_file (test_upgrade_wavefoundry.ResumeAfterGateTests.test_tree_already_at_no_version_file) ... ok
test_tree_already_at_target (test_upgrade_wavefoundry.ResumeAfterGateTests.test_tree_already_at_target) ... ok
test_typed_checkpoint_pause_is_not_finalized_as_failure (test_upgrade_wavefoundry.CurrentLineageMemoryCheckpointPauseTests.test_typed_checkpoint_pause_is_not_finalized_as_failure)
Red-first for 1uf67: no failure prose AND no failure lock stamp. ... ok
test_untyped_exit_four_still_finalizes_as_failure (test_upgrade_wavefoundry.CurrentLineageMemoryCheckpointPauseTests.test_untyped_exit_four_still_finalizes_as_failure)
Over-suppression guard: exit 4 WITHOUT a typed action_required block ... ok

----------------------------------------------------------------------
Ran 42 tests in 17.466s

OK
