..................................
── Phase 4: Index update ──
  Phase 4a: updating docs and code index layers (blocking) ...
  Phase 4b: updating graph index (blocking) ...
  Phase 4c: skipped — the foreground setup pass already published one complete docs+code semantic epoch.
.
── Phase 4: Index update ──
  Phase 4a: updating docs and code index layers (blocking) ...
  Phase 4b: updating graph index (blocking) ...
  ⚠  Graph index update exited 7 — continuing (first-query rebuild remains the safety net).
  Phase 4c: skipped — the foreground setup pass already published one complete docs+code semantic epoch.
.
── Phase 4: Index update ──
  Phase 4a: updating docs and code index layers (blocking) ...
  Phase 4b: updating graph index (blocking) ...
  ⚠  Graph index update exited 7 — continuing (first-query rebuild remains the safety net).
  Phase 4c: skipped — the foreground setup pass already published one complete docs+code semantic epoch.
.
── Phase 4: Index update ──
  Phase 4a: updating docs and code index layers (blocking) ...
  Phase 4b: updating graph index (blocking) ...
  ⚠  Graph index update exited 7 — continuing (first-query rebuild remains the safety net).
  Phase 4c: skipped — the foreground setup pass already published one complete docs+code semantic epoch.
.
── Phase 4: Index update ──
  Phase 4a: updating docs and code index layers (blocking) ...
.
── Phase 4: Index update ──
  Phase 4a: updating docs and code index layers (blocking) ...
  Phase 4b: updating graph index (blocking) ...
  Phase 4c: skipped — the foreground setup pass already published one complete docs+code semantic epoch.
.
── Phase 4: Index rebuild (full) ──
  Phase 4a: rebuilding docs and code index layers (blocking) ...
  Phase 4b: rebuilding graph index (blocking) ...
  Phase 4c: skipped — the foreground setup pass already published one complete docs+code semantic epoch.
.
── Phase 4: Index rebuild (full) ──
  Phase 4a: rebuilding docs and code index layers (blocking) ...
  Phase 4b: rebuilding graph index (blocking) ...
  ⚠  Graph index rebuild exited 7 — continuing (first-query rebuild remains the safety net).
  Phase 4c: skipped — the foreground setup pass already published one complete docs+code semantic epoch.
.
── Phase 4: Index update ──
  Phase 4a: updating docs and code index layers (blocking) ...
  Phase 4b: updating graph index (blocking) ...
  Phase 4c: skipped — the foreground setup pass already published one complete docs+code semantic epoch.
.
----------------------------------------------------------------------
Ran 43 tests in 9.578s

OK
