Bytecode cache warm (2.0s).
SECOND-PROFILE run (declared): not delivery evidence; this tree's framework test receipt is never written.
Expected profile: the shipped defaults, then 'declared' from WAVEFOUNDRY_TEST_PROFILE.
Copied 4273 files into a temporary git repository; applied profile 'declared'; waves root docs/waves (README docs/waves/README.md).
FOCUSED diagnostic run (178 of 178 test files) — not delivery evidence; the full-suite cache is untouched.
Running 178 test files across 6 workers …
  [1/178] test_ann_reference_eval.py — 28 tests ok (0.5s)
  [2/178] test_build_epoch_recovery.py — 10 tests ok (0.7s)
  [3/178] test_archive_memory_backfill.py — 9 tests ok (1.1s)
  [4/178] test_change_doc_checklist.py — 54 tests ok (0.3s)
  [5/178] test_agent_surface_integrity.py — 6 tests ok (1.4s)
  [6/178] test_accel_embedder.py — 86 tests ok (2.5s)
  [7/178] test_check_version.py — 18 tests ok (0.1s)
  [8/178] test_change_id_path_guard.py — 49 tests ok (2.4s)
  [9/178] test_archive_root.py — 21 tests ok (3.9s)
  [10/178] test_cli_stdio.py — 11 tests ok (0.1s)
  [11/178] test_close_change.py — 40 tests ok (1.3s)
  [12/178] test_code_reader_lock_guard.py — 24 tests ok (4.0s)
  [13/178] test_chunk_tags.py — 20 tests ok (9.1s)
  [14/178] test_contained_files.py — 42 tests ok (0.4s)
  [15/178] test_change_kinds.py — 28 tests ok (12.3s)
  [16/178] test_commit_provenance.py — 25 tests ok (4.6s)
  [17/178] test_build_pack.py — 119 tests ok (13.6s)
  [18/178] test_context_efficiency.py — 86 tests ok (2.9s)
  [19/178] test_council_signoff_keys.py — 30 tests ok (2.7s)
  [20/178] test_contained_repo_access.py — 29 tests ok (4.7s)
  [21/178] test_declaration_support.py — 9 tests ok (1.4s)
  [22/178] test_dashboard_terminology.py — 11 tests ok (1.6s)
  [23/178] test_design_system_backfill.py — 10 tests ok (0.2s)
  [24/178] test_design_system_governance_validators.py — 44 tests ok (0.3s)
  [25/178] test_design_system_surface_validators.py — 39 tests ok (0.3s)
  [26/178] test_design_system_validators.py — 45 tests ok (0.7s)
  [27/178] test_design_token_build.py — 12 tests ok (0.7s)
  [28/178] test_declared_wave_fixtures.py — 13 tests ok (2.5s)
  [29/178] test_declared_extension_skills.py — 58 tests ok (4.0s)
  [30/178] test_bytecode_cache.py — 58 tests ok (21.2s)
  [31/178] test_docs_gardener.py — 24 tests ok (0.6s)
  [32/178] test_docs_constants_lint.py — 32 tests ok (4.4s)
  [33/178] test_events_only_residue_census.py — 25 tests ok (0.9s)
  [34/178] test_extension_public_helpers.py — 13 tests ok (2.0s)
  [35/178] test_distribution_seams.py — 41 tests ok (8.4s)
  [36/178] test_fixture_fidelity_guidance.py — 3 tests ok (0.4s)
  [37/178] test_chunker.py — 579 tests ok (26.2s)
  [38/178] test_fts_lexical_layer.py — 58 tests ok (4.8s)
  [39/178] test_fts_query_honesty.py — 42 tests ok (6.9s)
  [40/178] test_graph_call_census.py — 12 tests ok (0.3s)
  [41/178] test_gen_codebase_map.py — 69 tests ok (6.4s)
  [42/178] test_graph_cluster.py — 83 tests ok (1.1s)
  [43/178] test_graph_call_integrity.py — 50 tests ok (6.6s)
  [44/178] test_doc_drift.py — 103 tests ok (33.8s)
  [45/178] test_dashboard_server.py — 228 tests ok (43.3s)
  [46/178] test_graph_quality_eval.py — 102 tests ok (3.2s)
  [47/178] test_graph_rust_provenance.py — 9 tests ok (2.1s)
  [48/178] test_graph_query.py — 98 tests ok (6.2s)
  [49/178] test_graph_incremental_merge.py — 58 tests ok (23.1s)
  [50/178] test_graph_transactional_state.py — 11 tests ok (2.9s)
  [51/178] test_historical_fixture_support.py — 8 tests ok (0.2s)
  [52/178] test_history_paths.py — 26 tests ok (0.8s)
  [53/178] test_index_build_lock_process_hold.py — 12 tests ok (3.6s)
  [54/178] test_graph_snapshot_readers.py — 51 tests ok (15.5s)
  [55/178] test_index_compatibility.py — 17 tests ok (4.9s)
  [56/178] test_index_handler_identity.py — 1 tests ok (0.1s)
  [57/178] test_index_build_retry.py — 9 tests ok (9.6s)
  [58/178] test_index_source_guard.py — 9 tests ok (2.8s)
  [59/178] test_index_optimize_contract.py — 5 tests ok (3.6s)
  [60/178] test_index_upgrade_guard.py — 25 tests ok (0.5s)
  [61/178] test_handler_modules.py — 13 tests ok (29.8s)
  [62/178] test_index_state_store.py — 100 tests ok (12.6s)
  [63/178] test_install_log_lib.py — 56 tests ok (0.5s)
  [64/178] test_extension_tool_modules.py — 223 tests ok (69.1s)
  [65/178] test_label_reader_census.py — 5 tests ok (0.2s)
  [66/178] test_indexer_secrets_scope.py — 9 tests ok (3.9s)
  [67/178] test_lexical_ranking_eval.py — 19 tests ok (1.1s)
  [68/178] test_lifecycle_document_names.py — 8 tests ok (0.4s)
  [69/178] test_install_resume_integration.py — 2 tests ok (3.7s)
  [70/178] test_legacy_council_actors.py — 4 tests ok (3.8s)
  [71/178] test_lifecycle_golden.py — 5 tests ok (8.2s)
  [72/178] test_lifecycle_id.py — 82 tests ok (1.0s)
  [73/178] test_lifecycle_lock_links.py — 45 tests ok (2.7s)
  [74/178] test_graph_indexer.py — 549 tests ok (79.9s)
  [75/178] test_marker_namespaces.py — 8 tests ok (1.1s)
  [76/178] test_lifecycle_gates_structure.py — 15 tests ok (24.9s)
  [77/178] test_lifecycle_mutation_lock.py — 69 tests ok (12.5s)
  [78/178] test_mcp_tool_registry.py — 27 tests ok (5.2s)
  [79/178] test_memory_eval.py — 25 tests ok (4.8s)
  [80/178] test_model_bundle.py — 25 tests ok (1.3s)
  [81/178] test_memory_backfill.py — 47 tests ok (7.7s)
  [82/178] test_navigation_glob.py — 5 tests ok (2.0s)
  [83/178] test_onnxruntime_telemetry.py — 24 tests ok (3.8s)
  [84/178] test_operator_identity.py — 9 tests ok (0.4s)
  [85/178] test_navigation_walker_runtime.py — 10 tests ok (7.0s)
  [86/178] test_pathlib_predicate_guards.py — 36 tests ok (1.5s)
  [87/178] test_memory_records.py — 230 tests ok (12.8s)
  [88/178] test_perf_budget_policy.py — 5 tests ok (0.1s)
  [89/178] test_per_area_agents_context.py — 9 tests ok (2.3s)
  [90/178] test_process_info.py — 11 tests ok (0.5s)
  [91/178] test_path_containment.py — 23 tests ok (6.4s)
  [92/178] test_lifecycle_gates.py — 27 tests ok (49.0s)
  [93/178] test_profile_literal_census.py — 8 tests ok (5.1s)
  [94/178] test_prune_framework.py — 17 tests ok (0.1s)
  [95/178] test_python_diagnostic_windows.py — 1 tests ok (0.1s)
  [96/178] test_python_parse_diagnostics.py — 8 tests ok (4.0s)
  [97/178] test_process_info_callers.py — 16 tests ok (9.4s)
  [98/178] test_readiness_convergence.py — 10 tests ok (1.9s)
  [99/178] test_reconcile_scan.py — 67 tests ok (2.4s)
  [100/178] test_record_discovery_fail_closed.py — 81 tests ok (3.8s)
  [101/178] test_record_document_read_rule.py — 12 tests ok (3.4s)
  [102/178] test_phase_gates.py — 32 tests ok (16.4s)
  [103/178] test_record_layout_census.py — 5 tests ok (0.3s)
  [104/178] test_record_layout_cold_sites.py — 4 tests ok (0.6s)
  [105/178] test_record_paths.py — 45 tests ok (0.2s)
  [106/178] test_record_layout_lifecycle.py — 29 tests ok (5.3s)
  [107/178] test_profile_support.py — 76 tests ok (16.7s)
  [108/178] test_repair_ppol_memory_staging.py — 17 tests ok (0.4s)
  [109/178] test_retired_change_kinds.py — 18 tests ok (2.8s)
  [110/178] test_record_layout_nested.py — 18 tests ok (15.0s)
  [111/178] test_retrieval_candidate_generation.py — 38 tests ok (9.2s)
  [112/178] test_retrieval_eval.py — 161 tests ok (4.5s)
  [113/178] test_render_agent_surfaces.py — 162 tests ok (19.1s)
  [114/178] test_review_evidence.py — 191 tests ok (2.4s)
  [115/178] test_run_tests_cache.py — 97 tests ok (1.1s)
  [116/178] test_run_tests_lock.py — 15 tests ok (1.5s)
  [117/178] test_review_policy.py — 107 tests ok (5.2s)
  [118/178] test_runtime_advisory.py — 6 tests ok (1.1s)
  [119/178] test_review_operator_integration.py — 15 tests ok (8.1s)
  [120/178] test_runtime_lock.py — 40 tests ok (2.1s)
  [121/178] test_scan_secrets.py — 22 tests ok (0.6s)
  [122/178] test_scanner_skips.py — 12 tests ok (0.2s)
  [123/178] test_run_tests_repo_guard.py — 30 tests ok (5.7s)
  [124/178] test_secrets_lock_exclusion.py — 9 tests ok (1.7s)
  [125/178] test_secret_scan_cache.py — 24 tests ok (6.0s)
  [126/178] test_sensor_runner.py — 5 tests ok (0.6s)
  [127/178] test_secrets_validators.py — 157 tests ok (11.6s)
  [128/178] test_server_context_efficiency.py — 106 tests ok (8.6s)
  [129/178] test_render_platform_surfaces.py — 131 tests ok (42.7s)
  [130/178] test_server_startup_guards.py — 6 tests ok (0.7s)
  [131/178] test_server_stdout_isolation.py — 3 tests ok (0.5s)
  [132/178] test_server_env_file.py — 7 tests ok (7.7s)
  [133/178] test_server_package.py — 31 tests ok (33.6s)
  [134/178] test_server_tools_retrieval.py — 1047 tests ok (151.3s)
  [135/178] test_indexer.py — 398 tests ok (306.1s)
  [136/178] test_session_start_hook.py — 18 tests ok (3.0s)
  [137/178] test_setup_readiness.py — 49 tests ok (8.9s)
  [138/178] test_setup_readiness_integration.py — 20 tests ok (3.0s)
  [139/178] test_docs_lint.py — 1216 tests ok (382.4s)
  [140/178] test_setup_stamp_writers.py — 9 tests ok (2.7s)
  [141/178] test_setup_reconciliation.py — 47 tests ok (12.7s)
  [142/178] test_shipped_reference_docs.py — 26 tests ok (0.5s)
  [143/178] test_sqlite_event_eval.py — 3 tests ok (0.1s)
  [144/178] test_sqlite_publication.py — 14 tests ok (0.9s)
  [145/178] test_sqlite_publication_optimization.py — 4 tests ok (0.6s)
  [146/178] test_setup_wavefoundry.py — 50 tests ok (10.8s)
  [147/178] test_sqlite_serving.py — 37 tests ok (4.4s)
  [148/178] test_server_tools.py — 387 tests ok (216.2s)
  [149/178] test_storage_identity.py — 3 tests ok (0.1s)
  [150/178] test_server_tools_lifecycle.py — 620 tests ok (219.0s)
  [151/178] test_setup_index.py — 200 tests ok (43.5s)
  [152/178] test_subprocess_util.py — 28 tests ok (6.3s)
  [153/178] test_startup_install.py — 61 tests ok (15.5s)
  [154/178] test_techdocs_audit_lib.py — 86 tests ok (19.2s)
  [155/178] test_tree_sitter_cache.py — 9 tests ok (0.1s)
  [156/178] test_tool_surface_golden.py — 25 tests ok (29.7s)
  [157/178] test_upgrade_reload_runner.py — 8 tests ok (3.3s)
  [158/178] test_tree_kill_routing.py — 33 tests ok (30.5s)
  [159/178] test_upgrade_protocol.py — 37 tests ok (14.7s)
  [160/178] test_vector_public_compare.py — 7 tests ok (0.1s)
  [161/178] test_vector_backend_eval.py — 7 tests ok (0.2s)
  [162/178] test_vector_public_eval.py — 2 tests ok (0.1s)
  [163/178] test_vector_public_filter_smoke.py — 2 tests ok (0.1s)
  [164/178] test_vendored_integrity.py — 18 tests ok (1.4s)
  [165/178] test_verify_vendored_scripts.py — 65 tests ok (0.5s)
  [166/178] test_venv_bootstrap.py — 43 tests ok (2.6s)
  [167/178] test_vocabulary_census.py — 5 tests ok (2.1s)
  [168/178] test_vocabulary_profile.py — 32 tests ok (1.5s)
  [169/178] test_vocabulary_second_profile.py — 11 tests ok (9.0s)
  [170/178] test_vocabulary_writers.py — 8 tests ok (4.6s)
  [171/178] test_secrets_prefix_collapse.py — 17 tests ok (297.6s)
  [172/178] test_wave_gate.py — 14 tests ok (0.1s)
  [173/178] test_workflow_include_prefixes.py — 18 tests ok (0.8s)
  [174/178] test_wf_cli.py — 54 tests ok (5.5s)
  [175/178] test_storage_upgrade_resume.py — 14 tests ok (81.9s)
  [176/178] test_sqlite_storage_migration.py — 124 tests ok (95.0s)
  [177/178] test_vocabulary_prompt_names.py — 36 tests ok (46.6s)
  [178/178] test_upgrade_wavefoundry.py — 727 tests ok (177.6s)

----------------------------------------------------------------------
Slowest files (top 10 of 178):
  test_docs_lint.py                              382.365s  (1216 tests)
  test_indexer.py                                306.085s  (398 tests)
  test_secrets_prefix_collapse.py                297.629s  (17 tests)
  test_server_tools_lifecycle.py                 218.990s  (620 tests)
  test_server_tools.py                           216.236s  (387 tests)
  test_upgrade_wavefoundry.py                    177.637s  (727 tests)
  test_server_tools_retrieval.py                 151.252s  (1047 tests)
  test_sqlite_storage_migration.py                94.959s  (124 tests)
  test_storage_upgrade_resume.py                  81.927s  (14 tests)
  test_graph_indexer.py                           79.943s  (549 tests)
Worker service time: 3162.020s across 178 files; skipped 13 tests
Ran 12040 tests across 178 files in 644.729s
OK

----------------------------------------------------------------------
Second-profile per-file result (profile 'declared'; expected profile: the shipped defaults, then 'declared' from WAVEFOUNDRY_TEST_PROFILE): 0 of 178 files failed
Total failures and errors: 0 in 0 files; 178 files passed
SECOND-PROFILE run (declared): not delivery evidence; this tree's framework test receipt is never written.
