test_no_name_function_takes_a_key_built_at_run_time (test_distribution_seams.LiteralReconcileKeyTests.test_no_name_function_takes_a_key_built_at_run_time) ... ok
test_patterns_are_unchanged_under_the_live_profile (test_distribution_seams.LiteralReconcileKeyTests.test_patterns_are_unchanged_under_the_live_profile) ... ok
test_patterns_are_unchanged_under_the_prompt_names_profile (test_distribution_seams.LiteralReconcileKeyTests.test_patterns_are_unchanged_under_the_prompt_names_profile) ... ok
test_the_census_reports_a_concatenated_key (test_distribution_seams.LiteralReconcileKeyTests.test_the_census_reports_a_concatenated_key) ... ok
test_a_reintroduced_live_carrier_is_found_without_reading_history (test_distribution_seams.ActorTokenCensusTests.test_a_reintroduced_live_carrier_is_found_without_reading_history) ... ok
test_downstream_only_actor_file_does_not_enlarge_ownership (test_distribution_seams.ActorTokenCensusTests.test_downstream_only_actor_file_does_not_enlarge_ownership) ... ok
test_inventory_includes_zero_hit_sources_fixtures_and_itself (test_distribution_seams.ActorTokenCensusTests.test_inventory_includes_zero_hit_sources_fixtures_and_itself) ... ok
test_inventory_rejects_duplicate_unsorted_or_escaping_paths (test_distribution_seams.ActorTokenCensusTests.test_inventory_rejects_duplicate_unsorted_or_escaping_paths) ... ok
test_missing_owned_file_is_an_error (test_distribution_seams.ActorTokenCensusTests.test_missing_owned_file_is_an_error) ... ok
test_owned_zero_hit_source_and_fixture_find_new_occurrences (test_distribution_seams.ActorTokenCensusTests.test_owned_zero_hit_source_and_fixture_find_new_occurrences) ... ok
test_stale_allowance_is_an_error (test_distribution_seams.ActorTokenCensusTests.test_stale_allowance_is_an_error) ... ok
test_the_shipped_tree_holds_only_listed_occurrences (test_distribution_seams.ActorTokenCensusTests.test_the_shipped_tree_holds_only_listed_occurrences) ... ok
test_frozen_encoder_matches_the_independent_shipped_golden (test_council_signoff_keys.DigestInputTests.test_frozen_encoder_matches_the_independent_shipped_golden) ... ok
test_old_and_new_spellings_hash_alike (test_council_signoff_keys.DigestInputTests.test_old_and_new_spellings_hash_alike) ... ok
test_the_callers_policy_object_is_not_mutated (test_council_signoff_keys.DigestInputTests.test_the_callers_policy_object_is_not_mutated) ... ok
test_the_oracle_detects_payload_and_key_normalization_mutants (test_council_signoff_keys.DigestInputTests.test_the_oracle_detects_payload_and_key_normalization_mutants) ... ok
test_the_pre_change_digest_is_unchanged (test_council_signoff_keys.DigestInputTests.test_the_pre_change_digest_is_unchanged) ... ok
test_a_chain_validates (test_vocabulary_prompt_names.ValidationTests.test_a_chain_validates) ... ok
test_each_rule_is_refused (test_vocabulary_prompt_names.ValidationTests.test_each_rule_is_refused) ... ok
test_example_names_are_neutral (test_vocabulary_prompt_names.ValidationTests.test_example_names_are_neutral)
Neutral values rename all eleven prompts and retain an alias; ... ok
test_a_guru_enabled_first_render_also_skips_profile_paths (test_vocabulary_prompt_names.FreshProfiledInstallTests.test_a_guru_enabled_first_render_also_skips_profile_paths) ... ok
test_default_profile_sequence_is_unchanged (test_vocabulary_prompt_names.FreshProfiledInstallTests.test_default_profile_sequence_is_unchanged) ... ok
test_first_render_skips_profile_paths_and_the_sequence_converges (test_vocabulary_prompt_names.FreshProfiledInstallTests.test_first_render_skips_profile_paths_and_the_sequence_converges) ... ok
test_conflicts_write_nothing (test_vocabulary_prompt_names.ProfileMigrationTests.test_conflicts_write_nothing) ... ok
test_declared_alias_lifecycle_replay_authority_and_runtime_role_collisions (test_legacy_council_actors.LegacyActorDeclarationTests.test_declared_alias_lifecycle_replay_authority_and_runtime_role_collisions) ... ok
test_invalid_declarations_and_reserved_authority_tokens (test_legacy_council_actors.LegacyActorDeclarationTests.test_invalid_declarations_and_reserved_authority_tokens) ... ok
test_real_mcp_reload_observes_changed_actor_declaration (test_legacy_council_actors.LegacyActorDeclarationTests.test_real_mcp_reload_observes_changed_actor_declaration) ... ok
test_validation_at_real_module_import (test_legacy_council_actors.LegacyActorDeclarationTests.test_validation_at_real_module_import) ... ok

----------------------------------------------------------------------
Ran 28 tests in 8.794s

OK
